AMF-headers amf
Cython python:cython
Greybird gtktheme:greybird
Mako python:mako
PyQt-builder python:pyqt-builder
PyQt5 python:pyqt5
aaa_glibc-solibs glibc
aaa_terminfo ncurses
adwaita-fonts-ttf fonts:adwaita
amp amp-unclassified
bc gnu-bc
bin bin-unclassified
blackbox blackbox-wm
bomber kde-bomber
cairo cairo-graphics-library
cldr-emoji-annotation unicode-cldr
cryptopp crypto++
dash dash-shell
db48 db
dbus-python python:dbus-python
dejavu-fonts-ttf fonts:dejavu
dolphin dolphin-fm
dragon dragon-player
elementary-xfce elementary-xfce-icon-theme
elm elm-mua
elvis elvis-editor
espeak-ng espeak
exo xfce-exo
fcitx5-theme-breeze fcitx5-breeze
font-adobe-100dpi fonts:adobe-100dpi
font-adobe-75dpi fonts:adobe-75dpi
font-adobe-source-code-pro-otf fonts:source-code-pro
font-adobe-utopia-100dpi fonts:adobe-utopia-100dpi
font-adobe-utopia-75dpi fonts:adobe-utopia-75dpi
font-adobe-utopia-type1 fonts:adobe-utopia-type1
font-arabic-misc fonts:arabic-misc
font-bh-100dpi fonts:bh-100dpi
font-bh-75dpi fonts:bh-75dpi
font-bh-lucidatypewriter-100dpi fonts:bh-lucidatypewriter-100dpi
font-bh-lucidatypewriter-75dpi fonts:bh-lucidatypewriter-75dpi
font-bh-type1 fonts:bh-type1
font-bitstream-100dpi fonts:bitstream-100dpi
font-bitstream-75dpi fonts:bitstream-75dpi
font-bitstream-speedo fonts:bitstream-speedo
font-bitstream-type1 fonts:bitstream-type1
font-cronyx-cyrillic fonts:cronyx-cyrillic
font-ibm-type1 fonts:ibm-type1
font-isas-misc fonts:isas-misc
font-micro-misc fonts:micro-misc
font-misc-cyrillic fonts:misc-cyrillic
font-misc-ethiopic fonts:misc-ethiopic
font-mutt-misc fonts:mutt-misc
font-screen-cyrillic fonts:screen-cyrillic
font-winitzki-cyrillic fonts:winitzki-cyrillic
font-xfree86-type1 fonts:xfree86-type1
frei0r-plugins frei0r
fuse fuse-unclassified
fuse3 libfuse
gc boehm-gc
gcc-g++ gcc
gcc-gcobol gcc
gcc-gdc gcc
gcc-gfortran gcc
gcc-gm2 gcc
gcc-gnat gcc
gcc-go gcc
gcc-objc gcc
gcc-rust gcc
gcompris-qt gcompris
gcr4 gcr
gdk-pixbuf2 gdk-pixbuf
gdk-pixbuf2-xlib gdk-pixbuf-xlib
getmail getmail6
glib2 glib
glibc-zoneinfo tzdata
glibmm2 glibmm
gmm gmm++
gnupg2 gnupg
googletest gtest
grantlee ktexttemplate
gst-plugins-bad-free gstreamer:bad
gst-plugins-base gstreamer:base
gst-plugins-good gstreamer:good
gst-plugins-libav gstreamer:libav
gtk+3 gtk
gtkmm4 gtkmm
gtksourceview4 gtksourceview
httpd apache
icecream icecream-compiler
icu4c icu
intel-gmmlib gmmlib
ipw2100-fw ipw2100-firmware
ipw2200-fw ipw2200-firmware
jmtpfs fusefs:jmtpfs
kernel-firmware linux-firmware
kernel-generic linux
kernel-headers linux
kernel-source linux
keybinder3 keybinder
ksh93 ksh
lcms2 lcms
libXaw3d xaw3d
liberation-fonts-ttf fonts:liberation
libindi indilib
libmpc gnumpc
libnl3 libnl
libsigc++3 libsigc++
libsoup3 libsoup
libtiff tiff
libwnck libwnck3
luajit-lgi lua:lgi
man-pages manpages
mozilla-firefox firefox
mozilla-nss nss
mozilla-thunderbird thunderbird
mozjs140 spidermonkey
nc netcat-nc110
netkit-rwho rwho
newt newt-tui
noto-cjk-fonts-ttf fonts:noto-cjk
noto-emoji fonts:noto-emoji
noto-fonts-ttf fonts:noto
nut network-ups-tools
orc gstreamer-orc
oxygen-fonts fonts:oxygen
pkgtools pkgtools-slackware
procps-ng procps
pycairo python:pycairo
pycups python:pycups
pygobject3 python:pygobject
python-Jinja2 python:jinja2
python-MarkupSafe python:markupsafe
python-PyYAML python:pyyaml
python-accessible-pygments python:accessible-pygments
python-alabaster python:alabaster
python-appdirs python:appdirs
python-attrs python:attrs
python-babel python:babel
python-build python:build
python-calver python:calver
python-certifi python:certifi
python-cffi python:cffi
python-chardet python:chardet
python-charset-normalizer python:charset-normalizer
python-distro python:distro
python-dnspython python:dnspython
python-docutils python:docutils
python-doxypypy python:doxypypy
python-doxyqml python:doxyqml
python-editables python:editables
python-flit-core python:flit-core
python-future python:future
python-glad2 python:glad2
python-hatch-fancy-pypi-readme python:hatch-fancy-pypi-readme
python-hatch-vcs python:hatch-vcs
python-hatchling hatchling
python-html5lib python:html5lib
python-idna python:idna
python-imagesize python:imagesize
python-importlib_metadata python:importlib-metadata
python-installer python:installer
python-lxml python:lxml
python-markdown python:markdown
python-notify2 python:notify2
python-numpy python:numpy
python-packaging python:packaging
python-pathspec python:pathspec
python-pbr python:pbr
python-pillow python:pillow
python-pip pip
python-pluggy python:pluggy
python-ply python:ply
python-psutil python:psutil
python-pybind11 python:pybind11
python-pycparser python:pycparser
python-pygments python:pygments
python-pyproject-hooks python:pyproject-hooks
python-pyproject_metadata python:pyproject-metadata
python-pysol_cards python:pysol-cards
python-random2 python:random2
python-requests python:requests
python-roman-numerals python:roman-numerals
python-sane python:sane
python-scikit-build-core python:scikit-build-core
python-setuptools python:setuptools
python-setuptools-gettext python:setuptools-gettext
python-setuptools_scm python:setuptools-scm
python-six python:six
python-smartypants python:smartypants
python-snowballstemmer snowballstemmer
python-sphinx python:sphinx
python-sphinx_rtd_theme python:sphinx-rtd-theme
python-tomli-w python:tomli-w
python-trove-classifiers python:trove-classifiers
python-typogrify python:typogrify
python-urllib3 python:urllib3
python-vcs_versioning python:vcs-versioning
python-versioneer python:versioneer
python-webencodings python:webencodings
python-wheel python:wheel
python-zipp python:zipp
python3 python
pyxdg python:pyxdg
qgpgme gpgmeqt
qt6 qt
rubygem-asciidoctor asciidoctor
rust-bindgen rust:bindgen
sane sane-backends
sazanami-fonts-ttf fonts:sazanami
serf apache-serf
sinhala_lklug-font-ttf fonts:lklug
sip python:sip
slang s-lang
slang1 s-lang
solid kf6-solid
spectacle spectacle-kde
spice spice-remote-access
sshfs fusefs:sshfs
ssr simplescreenrecorder
step step-physical-simulator
tcl tcl-lang
telnet netkit-telnet
terminus-font fonts:terminus
tesseract tesseract-ocr
tibmachuni-font-ttf tibetan-machine-uni-fonts
tidy-html5 tidy
traceroute traceroute-for-linux
tree tree-steve-baker
ttf-tlwg fonts:tlwg
twm twm-window-manager
udisks2 udisks
unicode-ucd unicode-character-database
urw-core35-fonts-otf fonts:urw-base35
v4l-utils video4linux
vde2 vde
vlan vlan-utils
wacomtablet kcm-wacomtablet
wget wget1
wget2 wget
wqy-zenhei-font-ttf fonts:wqy-zenhei
xdm xdm-display-manager
xf86-input-evdev xdrv:evdev
xf86-input-libinput xdrv:libinput
xf86-input-synaptics xdrv:synaptics
xf86-input-vmmouse xdrv:vmmouse
xf86-input-wacom xdrv:wacom
xf86-video-amdgpu xdrv:amdgpu
xf86-video-ati xdrv:ati
xf86-video-dummy xdrv:dummy
xf86-video-fbdev xdrv:fbdev
xf86-video-intel xdrv:intel
xf86-video-mach64 xdrv:mach64
xf86-video-mga xdrv:mga
xf86-video-neomagic xdrv:neomagic
xf86-video-nouveau xdrv:nouveau
xf86-video-nouveau-blacklist xdrv:nouveau-blacklist
xf86-video-openchrome xdrv:openchrome
xf86-video-r128 xdrv:r128
xf86-video-s3virge xdrv:s3virge
xf86-video-savage xdrv:savage
xf86-video-trident xdrv:trident
xf86-video-vesa xdrv:vesa
xorg-server-xephyr xorg-server
xorg-server-xnest xorg-server
xorg-server-xvfb xorg-server
xorg-server-xwayland xwayland
yptools yp-tools
